// Jest Snapshot v1, https://goo.gl/fbAQLP

exports[`babel-preset-zapier compiles JSX 1`] = `"React.createElement(Foo, null);"`;

exports[`babel-preset-zapier doesn't compile ES modules to commonjs 1`] = `"import Foo from 'foo';"`;

exports[`babel-preset-zapier doesnt strip proptypes when not in prod env 1`] = `
"const Baz = props => React.createElement(\\"div\\", props);

Baz.propTypes = {
  className: PropTypes.string
};"
`;

exports[`babel-preset-zapier strips flow annotations 1`] = `"function greet(name) {}"`;

exports[`babel-preset-zapier when on production env strips proptypes when in prod env 1`] = `"const Baz = props => React.createElement(\\"div\\", props);"`;

exports[`babel-preset-zapier when on test env compiles to commonjs modules in test environment 1`] = `"import Foo from 'foo';"`;
